main.c:101:6:HAL_GPIO_EXTI_Callback	16	static
main.c:116:6:Armado	8	static
main.c:129:6:HAL_UART_RxCpltCallback	16	static
main.c:139:6:HAL_UART_TxCpltCallback	16	static
main.c:145:6:HAL_TIM_PeriodElapsedCallback	16	static
main.c:157:5:main	8	static
main.c:212:6:SystemClock_Config	72	static
main.c:251:13:MX_TIM2_Init	32	static
main.c:296:13:MX_TIM4_Init	64	static
main.c:355:13:MX_USART3_UART_Init	8	static
main.c:386:13:MX_DMA_Init	16	static
main.c:410:13:MX_GPIO_Init	40	static
main.c:451:6:Error_Handler	4	static,ignoring_inline_asm
